test of ignoring command